ASxxxx Linker V03.00 + NoICE + sdld,  page 1.
Hexadecimal  [32-Bits]

Area                                    Addr        Size        Decimal Bytes (Attributes)
--------------------------------        ----        ----        ------- ----- ------------
CABS                                00000000    00000000 =           0. bytes (ABS,CON,CODE)

      Value  Global                              Global Defined In Module
      -----  --------------------------------   ------------------------
C:   00000000  l_CABS                          
C:   00000000  l_CONST                         
C:   00000000  l_GSINIT                        
C:   00000000  l_GSINIT1                       
C:   00000000  l_GSINIT3                       
C:   00000000  l_GSINIT5                       
C:   00000000  l_IABS                          
C:   00000000  l_ISEG                          
C:   00000000  l_PSEG                          
C:   00000000  l_REG_BANK_1                    
C:   00000000  l_REG_BANK_2                    
C:   00000000  l_REG_BANK_3                    
C:   00000000  l_RSEG                          
C:   00000000  l_RSEG0                         
C:   00000000  l_RSEG1                         
C:   00000000  l_XABS                          
C:   00000000  l_XINIT                         
C:   00000000  l_XISEG                         
C:   00000000  l_XSEG                          
C:   00000000  l__CODE                         
C:   00000000  s_BSEG                          
C:   00000000  s_CABS                          
C:   00000000  s_DSEG                          
C:   00000000  s_HOME                          
C:   00000000  s_IABS                          
C:   00000000  s_ISEG                          
C:   00000000  s_REG_BANK_0                    
C:   00000000  s_RSEG                          
C:   00000000  s_RSEG0                         
C:   00000000  s_RSEG1                         
C:   00000000  s_XABS                          
C:   00000001  l_BIT_BANK                      
C:   00000001  l_BSEG                          
C:   00000001  l_BSEG_BYTES                    
C:   00000001  s_PSEG                          
C:   00000001  s_XISEG                         
C:   00000001  s_XSEG                          
C:   00000003  l_GSFINAL                       
C:   00000003  l_GSINIT0                       
C:   00000006  l_GSINIT4                       
C:   00000007  l_OSEG                          
C:   00000008  l_REG_BANK_0                    
C:   00000008  s_OSEG                          
C:   00000008  s_REG_BANK_1                    
C:   0000000A  l_GSINIT2                       
C:   00000010  s_REG_BANK_2                    
C:   00000018  s_REG_BANK_3                    
C:   00000020  s_BSEG_BYTES                    
C:   00000020  s__CODE                         
C:   00000021  s_BIT_BANK                      
ASxxxx Linker V03.00 + NoICE + sdld,  page 2.
Hexadecimal  [32-Bits]

Area                                    Addr        Size        Decimal Bytes (Attributes)
--------------------------------        ----        ----        ------- ----- ------------
CABS                                00000000    00000000 =           0. bytes (ABS,CON,CODE)

      Value  Global                              Global Defined In Module
      -----  --------------------------------   ------------------------
C:   00000029  l_HOME                          
C:   00000029  s_GSINIT0                       
C:   0000002C  s_GSINIT1                       
C:   0000002C  s_GSINIT2                       
C:   00000036  s_GSINIT3                       
C:   00000036  s_GSINIT4                       
C:   0000003C  s_GSFINAL                       
C:   0000003C  s_GSINIT                        
C:   0000003C  s_GSINIT5                       
C:   0000003F  s_CSEG                          
C:   0000006F  l_DSEG                          
C:   0000007A  s_SSEG                          
C:   00000086  l_SSEG                          
C:   00000100  l_IRAM                          
C:   00000D01  l_CSEG                          
C:   00000D40  s_CONST                         
C:   00000D40  s_XINIT                         

ASxxxx Linker V03.00 + NoICE + sdld,  page 3.
Hexadecimal  [32-Bits]

Area                                    Addr        Size        Decimal Bytes (Attributes)
--------------------------------        ----        ----        ------- ----- ------------
.  .ABS.                            00000000    00000000 =           0. bytes (ABS,CON)

      Value  Global                              Global Defined In Module
      -----  --------------------------------   ------------------------
     00000000  .__.ABS.                           _divsint
     00000080  _MOSI                              Delay
     00000080  _P0                                Delay
     00000080  _P00                               Delay
     00000081  _MISO                              Delay
     00000081  _P01                               Delay
     00000081  _SP                                Delay
     00000082  _DPL                               Delay
     00000082  _P02                               Delay
     00000082  _RXD_1                             Delay
     00000083  _DPH                               Delay
     00000083  _P03                               Delay
     00000084  _P04                               Delay
     00000084  _RCTRIM0                           Delay
     00000084  _STADC                             Delay
     00000085  _P05                               Delay
     00000085  _RCTRIM1                           Delay
     00000086  _P06                               Delay
     00000086  _RWK                               Delay
     00000086  _TXD                               Delay
     00000087  _P07                               Delay
     00000087  _PCON                              Delay
     00000087  _RXD                               Delay
     00000088  _IT0                               Delay
     00000088  _TCON                              Delay
     00000089  _IE0                               Delay
     00000089  _TMOD                              Delay
     0000008A  _IT1                               Delay
     0000008A  _TL0                               Delay
     0000008B  _IE1                               Delay
     0000008B  _TL1                               Delay
     0000008C  _TH0                               Delay
     0000008C  _TR0                               Delay
     0000008D  _TF0                               Delay
     0000008D  _TH1                               Delay
     0000008E  _CKCON                             Delay
     0000008E  _TR1                               Delay
     0000008F  _TF1                               Delay
     0000008F  _WKCON                             Delay
     00000090  _P1                                Delay
     00000090  _P10                               Delay
     00000091  _P11                               Delay
     00000091  _SFRS                              Delay
     00000092  _CAPCON0                           Delay
     00000092  _P12                               Delay
     00000093  _CAPCON1                           Delay
     00000093  _P13                               Delay
     00000093  _SCL                               Delay
     00000094  _CAPCON2                           Delay
     00000094  _P14                               Delay
ASxxxx Linker V03.00 + NoICE + sdld,  page 4.
Hexadecimal  [32-Bits]

Area                                    Addr        Size        Decimal Bytes (Attributes)
--------------------------------        ----        ----        ------- ----- ------------
.  .ABS.                            00000000    00000000 =           0. bytes (ABS,CON)

      Value  Global                              Global Defined In Module
      -----  --------------------------------   ------------------------
     00000094  _SDA                               Delay
     00000095  _CKDIV                             Delay
     00000095  _P15                               Delay
     00000096  _CKSWT                             Delay
     00000096  _P16                               Delay
     00000096  _TXD_1                             Delay
     00000097  _CKEN                              Delay
     00000097  _P17                               Delay
     00000098  _RI                                Delay
     00000098  _SCON                              Delay
     00000099  _SBUF                              Delay
     00000099  _TI                                Delay
     0000009A  _RB8                               Delay
     0000009A  _SBUF_1                            Delay
     0000009B  _EIE                               Delay
     0000009B  _TB8                               Delay
     0000009C  _EIE1                              Delay
     0000009C  _REN                               Delay
     0000009D  _SM2                               Delay
     0000009E  _SM1                               Delay
     0000009F  _CHPCON                            Delay
     0000009F  _FE                                Delay
     0000009F  _SM0                               Delay
     000000A0  _P2                                Delay
     000000A0  _P20                               Delay
     000000A2  _AUXR1                             Delay
     000000A3  _BODCON0                           Delay
     000000A4  _IAPTRG                            Delay
     000000A5  _IAPUEN                            Delay
     000000A6  _IAPAL                             Delay
     000000A7  _IAPAH                             Delay
     000000A8  _EX0                               Delay
     000000A8  _IE                                Delay
     000000A9  _ET0                               Delay
     000000A9  _SADDR                             Delay
     000000AA  _EX1                               Delay
     000000AA  _WDCON                             Delay
     000000AB  _BODCON1                           Delay
     000000AB  _ET1                               Delay
     000000AC  _ES                                Delay
     000000AC  _P3M1                              Delay
     000000AC  _P3S                               Delay
     000000AD  _EBOD                              Delay
     000000AD  _P3M2                              Delay
     000000AD  _P3SR                              Delay
     000000AE  _EADC                              Delay
     000000AE  _IAPFD                             Delay
     000000AF  _EA                                Delay
     000000AF  _IAPCN                             Delay
     000000B0  _P3                                Delay
     000000B0  _P30                               Delay
ASxxxx Linker V03.00 + NoICE + sdld,  page 5.
Hexadecimal  [32-Bits]

Area                                    Addr        Size        Decimal Bytes (Attributes)
--------------------------------        ----        ----        ------- ----- ------------
.  .ABS.                            00000000    00000000 =           0. bytes (ABS,CON)

      Value  Global                              Global Defined In Module
      -----  --------------------------------   ------------------------
     000000B1  _P0M1                              Delay
     000000B1  _P0S                               Delay
     000000B2  _P0M2                              Delay
     000000B2  _P0SR                              Delay
     000000B3  _P1M1                              Delay
     000000B3  _P1S                               Delay
     000000B4  _P1M2                              Delay
     000000B4  _P1SR                              Delay
     000000B5  _P2S                               Delay
     000000B7  _IPH                               Delay
     000000B7  _PWMINTC                           Delay
     000000B8  _IP                                Delay
     000000B8  _PX0                               Delay
     000000B9  _PT0                               Delay
     000000B9  _SADEN                             Delay
     000000BA  _PX1                               Delay
     000000BA  _SADEN_1                           Delay
     000000BB  _PT1                               Delay
     000000BB  _SADDR_1                           Delay
     000000BC  _I2DAT                             Delay
     000000BC  _PS                                Delay
     000000BD  _I2STAT                            Delay
     000000BD  _PBOD                              Delay
     000000BE  _I2CLK                             Delay
     000000BE  _PADC                              Delay
     000000BF  _I2TOC                             Delay
     000000C0  _I2CON                             Delay
     000000C0  _I2CPX                             Delay
     000000C1  _I2ADDR                            Delay
     000000C2  _AA                                Delay
     000000C2  _ADCRL                             Delay
     000000C3  _ADCRH                             Delay
     000000C3  _SI                                Delay
     000000C4  _PWM4H                             Delay
     000000C4  _STO                               Delay
     000000C4  _T3CON                             Delay
     000000C5  _PWM5H                             Delay
     000000C5  _RL3                               Delay
     000000C5  _STA                               Delay
     000000C6  _I2CEN                             Delay
     000000C6  _PIOCON1                           Delay
     000000C6  _RH3                               Delay
     000000C7  _TA                                Delay
     000000C8  _CM_RL2                            Delay
     000000C8  _T2CON                             Delay
     000000C9  _T2MOD                             Delay
     000000CA  _RCMP2L                            Delay
     000000CA  _TR2                               Delay
     000000CB  _RCMP2H                            Delay
     000000CC  _PWM4L                             Delay
     000000CC  _TL2                               Delay
ASxxxx Linker V03.00 + NoICE + sdld,  page 6.
Hexadecimal  [32-Bits]

Area                                    Addr        Size        Decimal Bytes (Attributes)
--------------------------------        ----        ----        ------- ----- ------------
.  .ABS.                            00000000    00000000 =           0. bytes (ABS,CON)

      Value  Global                              Global Defined In Module
      -----  --------------------------------   ------------------------
     000000CD  _PWM5L                             Delay
     000000CD  _TH2                               Delay
     000000CE  _ADCMPL                            Delay
     000000CF  _ADCMPH                            Delay
     000000CF  _TF2                               Delay
     000000D0  _P                                 Delay
     000000D0  _PSW                               Delay
     000000D1  _PWMPH                             Delay
     000000D2  _OV                                Delay
     000000D2  _PWM0H                             Delay
     000000D3  _PWM1H                             Delay
     000000D3  _RS0                               Delay
     000000D4  _PWM2H                             Delay
     000000D4  _RS1                               Delay
     000000D5  _F0                                Delay
     000000D5  _PWM3H                             Delay
     000000D6  _AC                                Delay
     000000D6  _PNP                               Delay
     000000D7  _CY                                Delay
     000000D7  _FBD                               Delay
     000000D8  _PWMCON0                           Delay
     000000D9  _PWMPL                             Delay
     000000DA  _PWM0L                             Delay
     000000DB  _PWM1L                             Delay
     000000DC  _CLRPWM                            Delay
     000000DC  _PWM2L                             Delay
     000000DD  _PWM3L                             Delay
     000000DD  _PWMF                              Delay
     000000DE  _LOAD                              Delay
     000000DE  _PIOCON0                           Delay
     000000DF  _PWMCON1                           Delay
     000000DF  _PWMRUN                            Delay
     000000E0  _ACC                               Delay
     000000E1  _ADCCON1                           Delay
     000000E2  _ADCCON2                           Delay
     000000E3  _ADCDLY                            Delay
     000000E4  _C0L                               Delay
     000000E5  _C0H                               Delay
     000000E6  _C1L                               Delay
     000000E7  _C1H                               Delay
     000000E8  _ADCCON0                           Delay
     000000E8  _ADCHS0                            Delay
     000000E9  _ADCHS1                            Delay
     000000E9  _PICON                             Delay
     000000EA  _ADCHS2                            Delay
     000000EA  _PINEN                             Delay
     000000EB  _ADCHS3                            Delay
     000000EB  _PIPEN                             Delay
     000000EC  _ETGSEL0                           Delay
     000000EC  _PIF                               Delay
     000000ED  _C2L                               Delay
ASxxxx Linker V03.00 + NoICE + sdld,  page 7.
Hexadecimal  [32-Bits]

Area                                    Addr        Size        Decimal Bytes (Attributes)
--------------------------------        ----        ----        ------- ----- ------------
.  .ABS.                            00000000    00000000 =           0. bytes (ABS,CON)

      Value  Global                              Global Defined In Module
      -----  --------------------------------   ------------------------
     000000ED  _ETGSEL1                           Delay
     000000EE  _ADCS                              Delay
     000000EE  _C2H                               Delay
     000000EF  _ADCF                              Delay
     000000EF  _EIP                               Delay
     000000F0  _B                                 Delay
     000000F1  _CAPCON3                           Delay
     000000F2  _CAPCON4                           Delay
     000000F3  _SPCR                              Delay
     000000F3  _SPCR2                             Delay
     000000F4  _SPSR                              Delay
     000000F5  _B_5                               _gptrget
     000000F5  _SPDR                              Delay
     000000F6  _AINDIDS                           Delay
     000000F6  _B_6                               _gptrget
     000000F7  _B_7                               _gptrget
     000000F7  _EIPH                              Delay
     000000F8  _RI_1                              Delay
     000000F8  _SCON_1                            Delay
     000000F9  _PDTEN                             Delay
     000000F9  _TI_1                              Delay
     000000FA  _PDTCNT                            Delay
     000000FA  _RB8_1                             Delay
     000000FB  _PMEN                              Delay
     000000FB  _TB8_1                             Delay
     000000FC  _PMD                               Delay
     000000FC  _REN_1                             Delay
     000000FD  _SM2_1                             Delay
     000000FE  _EIP1                              Delay
     000000FE  _SM1_1                             Delay
     000000FF  _EIPH1                             Delay
     000000FF  _FE_1                              Delay
     000000FF  _SM0_1                             Delay

ASxxxx Linker V03.00 + NoICE + sdld,  page 8.
Hexadecimal  [32-Bits]

Area                                    Addr        Size        Decimal Bytes (Attributes)
--------------------------------        ----        ----        ------- ----- ------------
BSEG_BYTES                          00000020    00000001 =           1. bytes (REL,CON)

      Value  Global                              Global Defined In Module
      -----  --------------------------------   ------------------------
ASxxxx Linker V03.00 + NoICE + sdld,  page 9.
Hexadecimal  [32-Bits]

Area                                    Addr        Size        Decimal Bytes (Attributes)
--------------------------------        ----        ----        ------- ----- ------------
REG_BANK_0                          00000000    00000008 =           8. bytes (REL,OVR)

      Value  Global                              Global Defined In Module
      -----  --------------------------------   ------------------------
ASxxxx Linker V03.00 + NoICE + sdld,  page 10.
Hexadecimal  [32-Bits]

Area                                    Addr        Size        Decimal Bytes (Attributes)
--------------------------------        ----        ----        ------- ----- ------------
BIT_BANK                            00000021    00000001 =           1. bytes (REL,OVR)

      Value  Global                              Global Defined In Module
      -----  --------------------------------   ------------------------
ASxxxx Linker V03.00 + NoICE + sdld,  page 11.
Hexadecimal  [32-Bits]

Area                                    Addr        Size        Decimal Bytes (Attributes)
--------------------------------        ----        ----        ------- ----- ------------
DSEG                                00000000    0000006F =         111. bytes (REL,CON)

      Value  Global                              Global Defined In Module
      -----  --------------------------------   ------------------------
     00000022  _rec_stat                          modbusRTU
     00000023  _rec_num                           modbusRTU
     00000024  _modbus_recv_buf                   modbusRTU
     00000038  _Coils                             modbusRTU
     0000004C  _send_buf                          modbusRTU
     00000052  _function_MODBUS_PARM_2            modbusRTU
ASxxxx Linker V03.00 + NoICE + sdld,  page 12.
Hexadecimal  [32-Bits]

Area                                    Addr        Size        Decimal Bytes (Attributes)
--------------------------------        ----        ----        ------- ----- ------------
OSEG                                00000008    00000007 =           7. bytes (REL,OVR)

      Value  Global                              Global Defined In Module
      -----  --------------------------------   ------------------------
     00000008  _PutNChar_PARM_2                   modbusRTU
     00000008  __divsint_PARM_2                   _divuint
     00000008  __divslong_PARM_2                  _divulong
     00000008  __divuint_PARM_2                   _divuint
     00000008  __divulong_PARM_2                  _divulong
     00000008  __gptrput_PARM_2                   _gptrput
     00000008  _memset_PARM_2                     _memset
     00000009  _memset_PARM_3                     _memset

ASxxxx Linker V03.00 + NoICE + sdld,  page 13.
Hexadecimal  [32-Bits]

Area                                    Addr        Size        Decimal Bytes (Attributes)
--------------------------------        ----        ----        ------- ----- ------------
SSEG                                0000007A    00000086 =         134. bytes (REL,OVR)

      Value  Global                              Global Defined In Module
      -----  --------------------------------   ------------------------
     0000007A  __start__stack                     main

ASxxxx Linker V03.00 + NoICE + sdld,  page 14.
Hexadecimal  [32-Bits]

Area                                    Addr        Size        Decimal Bytes (Attributes)
--------------------------------        ----        ----        ------- ----- ------------
HOME                                00000000    00000029 =          41. bytes (REL,CON,CODE)

      Value  Global                              Global Defined In Module
      -----  --------------------------------   ------------------------
C:   00000026  __sdcc_program_startup             main

ASxxxx Linker V03.00 + NoICE + sdld,  page 15.
Hexadecimal  [32-Bits]

Area                                    Addr        Size        Decimal Bytes (Attributes)
--------------------------------        ----        ----        ------- ----- ------------
GSINIT0                             00000029    00000003 =           3. bytes (REL,CON,CODE)

      Value  Global                              Global Defined In Module
      -----  --------------------------------   ------------------------
C:   00000029  __sdcc_gsinit_startup              

ASxxxx Linker V03.00 + NoICE + sdld,  page 16.
Hexadecimal  [32-Bits]

Area                                    Addr        Size        Decimal Bytes (Attributes)
--------------------------------        ----        ----        ------- ----- ------------
GSINIT2                             0000002C    0000000A =          10. bytes (REL,CON,CODE)

      Value  Global                              Global Defined In Module
      -----  --------------------------------   ------------------------
ASxxxx Linker V03.00 + NoICE + sdld,  page 17.
Hexadecimal  [32-Bits]

Area                                    Addr        Size        Decimal Bytes (Attributes)
--------------------------------        ----        ----        ------- ----- ------------
GSINIT4                             00000036    00000006 =           6. bytes (REL,CON,CODE)

      Value  Global                              Global Defined In Module
      -----  --------------------------------   ------------------------
C:   00000036  __mcs51_genRAMCLEAR                

ASxxxx Linker V03.00 + NoICE + sdld,  page 18.
Hexadecimal  [32-Bits]

Area                                    Addr        Size        Decimal Bytes (Attributes)
--------------------------------        ----        ----        ------- ----- ------------
GSFINAL                             0000003C    00000003 =           3. bytes (REL,CON,CODE)

      Value  Global                              Global Defined In Module
      -----  --------------------------------   ------------------------
ASxxxx Linker V03.00 + NoICE + sdld,  page 19.
Hexadecimal  [32-Bits]

Area                                    Addr        Size        Decimal Bytes (Attributes)
--------------------------------        ----        ----        ------- ----- ------------
CSEG                                0000003F    00000D01 =        3329. bytes (REL,CON,CODE)

      Value  Global                              Global Defined In Module
      -----  --------------------------------   ------------------------
C:   0000003F  _main                              main
C:   0000009A  _Timer0_ISR                        main
C:   000000E7  _SerialPort0_ISR                   main
C:   00000197  _PutNChar                          modbusRTU
C:   00000321  _function_MODBUS                   modbusRTU
C:   000003A3  _read_coil                         modbusRTU
C:   000006CE  _force_coil_bit                    modbusRTU
C:   00000815  _force_coil_mul                    modbusRTU
C:   000009C3  _InitialUART0_Timer1               Common
C:   00000A04  _InitialUART0_Timer3               Common
C:   00000A57  _Receive_Data_From_UART0           Common
C:   00000A60  _Send_Data_To_UART0                Common
C:   00000A6A  _InitialUART1_Timer3               Common
C:   00000AB8  _Receive_Data_From_UART1           Common
C:   00000AC1  _Send_Data_To_UART1                Common
C:   00000ACB  __sdcc_external_startup            Common
C:   00000AE1  _Timer0_Delay100us                 Delay
C:   00000B13  _Timer0_Delay1ms                   Delay
C:   00000B45  _Timer1_Delay10ms                  Delay
C:   00000B77  _Timer2_Delay500us                 Delay
C:   00000BAC  _Timer3_Delay100ms                 Delay
C:   00000BE8  _Timer3_Delay10us                  Delay
C:   00000C24  __divulong                         _divulong
C:   00000C89  _memset                            _memset
C:   00000CA8  __gptrput                          _gptrput
C:   00000CC3  __divuint                          _divuint
C:   00000CEC  __gptrget                          _gptrget
C:   00000D08  __divsint                          _divsint

ASxxxx Linker V03.00 + NoICE + sdld,  page 20.

Files Linked                              [ module(s) ]

obj/main.c.rel                            [  ]
obj/modbusRTU.c.rel                       [  ]
obj/Common.c.rel                          [  ]
obj/Delay.c.rel                           [  ]


Libraries Linked                          [ object file ]

C:\Program Files\SDCC\bin\..\lib\small/liblong.lib
                                          [ _divulong.rel ]
C:\Program Files\SDCC\bin\..\lib\small/mcs51.lib
                                          [ crtclear.rel ]
C:\Program Files\SDCC\bin\..\lib\small/libsdcc.lib
                                          [ _memset.rel ]
C:\Program Files\SDCC\bin\..\lib\small/libsdcc.lib
                                          [ _gptrput.rel ]
C:\Program Files\SDCC\bin\..\lib\small/libint.lib
                                          [ _divuint.rel ]
C:\Program Files\SDCC\bin\..\lib\small/mcs51.lib
                                          [ crtstart.rel ]
C:\Program Files\SDCC\bin\..\lib\small/libsdcc.lib
                                          [ _gptrget.rel ]
C:\Program Files\SDCC\bin\..\lib\small/libint.lib
                                          [ _divsint.rel ]

ASxxxx Linker V03.00 + NoICE + sdld,  page 21.

User Base Address Definitions

HOME = 0x0000
XSEG = 0x0001
PSEG = 0x0001
ISEG = 0x0000
BSEG = 0x0000

